TEST1 2 a
TEST1 3 c
TEST1 7 b
TEST2 0 0 a
TEST2 1 0 b
TEST2 2 1 b
TEST2 3 1 a
TEST2 4 2 b
TEST2 5 3 b
TEST2 6 0 c
TEST2 7 4 b
TEST2 8 1 c
TEST2 9 5 b
TEST2 10 2 c
TEST2 11 6 b
